Archive member included to satisfy reference by file (symbol)

d:/stm32cubeide_1.4.0/stm32cubeide/plugins/com.st.stm32cube.ide.mcu.externaltools.gnu-tools-for-stm32.7-2018-q2-update.win32_1.4.0.202007081208/tools/bin/../lib/gcc/arm-none-eabi/7.3.1/../../../../arm-none-eabi/lib/thumb/v7-m\libc_nano.a(lib_a-errno.o)
                              Src/syscalls.o (__errno)
d:/stm32cubeide_1.4.0/stm32cubeide/plugins/com.st.stm32cube.ide.mcu.externaltools.gnu-tools-for-stm32.7-2018-q2-update.win32_1.4.0.202007081208/tools/bin/../lib/gcc/arm-none-eabi/7.3.1/../../../../arm-none-eabi/lib/thumb/v7-m\libc_nano.a(lib_a-exit.o)
                              d:/stm32cubeide_1.4.0/stm32cubeide/plugins/com.st.stm32cube.ide.mcu.externaltools.gnu-tools-for-stm32.7-2018-q2-update.win32_1.4.0.202007081208/tools/bin/../lib/gcc/arm-none-eabi/7.3.1/../../../../arm-none-eabi/lib/thumb/v7-m/crt0.o (exit)
d:/stm32cubeide_1.4.0/stm32cubeide/plugins/com.st.stm32cube.ide.mcu.externaltools.gnu-tools-for-stm32.7-2018-q2-update.win32_1.4.0.202007081208/tools/bin/../lib/gcc/arm-none-eabi/7.3.1/../../../../arm-none-eabi/lib/thumb/v7-m\libc_nano.a(lib_a-impure.o)
                              d:/stm32cubeide_1.4.0/stm32cubeide/plugins/com.st.stm32cube.ide.mcu.externaltools.gnu-tools-for-stm32.7-2018-q2-update.win32_1.4.0.202007081208/tools/bin/../lib/gcc/arm-none-eabi/7.3.1/../../../../arm-none-eabi/lib/thumb/v7-m\libc_nano.a(lib_a-exit.o) (_global_impure_ptr)
d:/stm32cubeide_1.4.0/stm32cubeide/plugins/com.st.stm32cube.ide.mcu.externaltools.gnu-tools-for-stm32.7-2018-q2-update.win32_1.4.0.202007081208/tools/bin/../lib/gcc/arm-none-eabi/7.3.1/../../../../arm-none-eabi/lib/thumb/v7-m\libc_nano.a(lib_a-init.o)
                              d:/stm32cubeide_1.4.0/stm32cubeide/plugins/com.st.stm32cube.ide.mcu.externaltools.gnu-tools-for-stm32.7-2018-q2-update.win32_1.4.0.202007081208/tools/bin/../lib/gcc/arm-none-eabi/7.3.1/../../../../arm-none-eabi/lib/thumb/v7-m/crt0.o (__libc_init_array)
d:/stm32cubeide_1.4.0/stm32cubeide/plugins/com.st.stm32cube.ide.mcu.externaltools.gnu-tools-for-stm32.7-2018-q2-update.win32_1.4.0.202007081208/tools/bin/../lib/gcc/arm-none-eabi/7.3.1/../../../../arm-none-eabi/lib/thumb/v7-m\libc_nano.a(lib_a-memset.o)
                              d:/stm32cubeide_1.4.0/stm32cubeide/plugins/com.st.stm32cube.ide.mcu.externaltools.gnu-tools-for-stm32.7-2018-q2-update.win32_1.4.0.202007081208/tools/bin/../lib/gcc/arm-none-eabi/7.3.1/../../../../arm-none-eabi/lib/thumb/v7-m/crt0.o (memset)

Allocating common symbols
Common symbol       size              file

t3                  0x50              Src/main.o
j                   0x4               Nabil_RTOS/RTOS_SRC/scheduler.o
OS_control          0x1ac             Nabil_RTOS/RTOS_SRC/scheduler.o
current_status      0x2               Src/traffic_light.o
t2                  0x50              Src/main.o
system_idle_task    0x50              Nabil_RTOS/RTOS_SRC/scheduler.o
t4                  0x50              Src/main.o
ready_queue         0x190             Nabil_RTOS/RTOS_SRC/scheduler.o
v                   0x4               Nabil_RTOS/RTOS_SRC/scheduler.o
push_button_interrupt_soure
                    0x1               Src/main.o
t1                  0x50              Src/main.o
OS_error            0x1               Nabil_RTOS/RTOS_SRC/Nabil_RTOS_FIFO.o
m1                  0x38              Src/main.o
Nabil_Rtos_Ready_queue
                    0x14              Nabil_RTOS/RTOS_SRC/scheduler.o
arr_of_ptF          0x40              Src/EXTI.o

Discarded input sections

 .text          0x0000000000000000        0x0 d:/stm32cubeide_1.4.0/stm32cubeide/plugins/com.st.stm32cube.ide.mcu.externaltools.gnu-tools-for-stm32.7-2018-q2-update.win32_1.4.0.202007081208/tools/bin/../lib/gcc/arm-none-eabi/7.3.1/thumb/v7-m/crti.o
 .data          0x0000000000000000        0x0 d:/stm32cubeide_1.4.0/stm32cubeide/plugins/com.st.stm32cube.ide.mcu.externaltools.gnu-tools-for-stm32.7-2018-q2-update.win32_1.4.0.202007081208/tools/bin/../lib/gcc/arm-none-eabi/7.3.1/thumb/v7-m/crti.o
 .bss           0x0000000000000000        0x0 d:/stm32cubeide_1.4.0/stm32cubeide/plugins/com.st.stm32cube.ide.mcu.externaltools.gnu-tools-for-stm32.7-2018-q2-update.win32_1.4.0.202007081208/tools/bin/../lib/gcc/arm-none-eabi/7.3.1/thumb/v7-m/crti.o
 .data          0x0000000000000000        0x4 d:/stm32cubeide_1.4.0/stm32cubeide/plugins/com.st.stm32cube.ide.mcu.externaltools.gnu-tools-for-stm32.7-2018-q2-update.win32_1.4.0.202007081208/tools/bin/../lib/gcc/arm-none-eabi/7.3.1/thumb/v7-m/crtbegin.o
 .text          0x0000000000000000       0x74 d:/stm32cubeide_1.4.0/stm32cubeide/plugins/com.st.stm32cube.ide.mcu.externaltools.gnu-tools-for-stm32.7-2018-q2-update.win32_1.4.0.202007081208/tools/bin/../lib/gcc/arm-none-eabi/7.3.1/../../../../arm-none-eabi/lib/thumb/v7-m/crt0.o
[...]
Memory Configuration

Name             Origin             Length             Attributes
RAM              0x0000000020000000 0x0000000000002800 xrw
ROM              0x0000000008000000 0x0000000000008000 xr
*default*        0x0000000000000000 0xffffffffffffffff

Linker script and memory map

LOAD d:/stm32cubeide_1.4.0/stm32cubeide/plugins/com.st.stm32cube.ide.mcu.externaltools.gnu-tools-for-stm32.7-2018-q2-update.win32_1.4.0.202007081208/tools/bin/../lib/gcc/arm-none-eabi/7.3.1/thumb/v7-m/crti.o
LOAD d:/stm32cubeide_1.4.0/stm32cubeide/plugins/com.st.stm32cube.ide.mcu.externaltools.gnu-tools-for-stm32.7-2018-q2-update.win32_1.4.0.202007081208/tools/bin/../lib/gcc/arm-none-eabi/7.3.1/thumb/v7-m/crtbegin.o
LOAD d:/stm32cubeide_1.4.0/stm32cubeide/plugins/com.st.stm32cube.ide.mcu.externaltools.gnu-tools-for-stm32.7-2018-q2-update.win32_1.4.0.202007081208/tools/bin/../lib/gcc/arm-none-eabi/7.3.1/../../../../arm-none-eabi/lib/thumb/v7-m/crt0.o
LOAD Nabil_RTOS/RTOS_SRC/Cortex_MX_OS_Porting.o
LOAD Nabil_RTOS/RTOS_SRC/Nabil_RTOS_FIFO.o
LOAD Nabil_RTOS/RTOS_SRC/scheduler.o
LOAD Src/EXTI.o
LOAD Src/GPIO.o
LOAD Src/buttons.o
LOAD Src/lcd.o
LOAD Src/main.o
LOAD Src/syscalls.o
LOAD Src/sysmem.o
LOAD Src/traffic_light.o
LOAD Startup/startup_stm32f103c6tx.o
START GROUP
LOAD d:/stm32cubeide_1.4.0/stm32cubeide/plugins/com.st.stm32cube.ide.mcu.externaltools.gnu-tools-for-stm32.7-2018-q2-update.win32_1.4.0.202007081208/tools/bin/../lib/gcc/arm-none-eabi/7.3.1/../../../../arm-none-eabi/lib/thumb/v7-m\libc_nano.a
LOAD d:/stm32cubeide_1.4.0/stm32cubeide/plugins/com.st.stm32cube.ide.mcu.externaltools.gnu-tools-for-stm32.7-2018-q2-update.win32_1.4.0.202007081208/tools/bin/../lib/gcc/arm-none-eabi/7.3.1/../../../../arm-none-eabi/lib/thumb/v7-m\libm.a
END GROUP
START GROUP
LOAD d:/stm32cubeide_1.4.0/stm32cubeide/plugins/com.st.stm32cube.ide.mcu.externaltools.gnu-tools-for-stm32.7-2018-q2-update.win32_1.4.0.202007081208/tools/bin/../lib/gcc/arm-none-eabi/7.3.1/thumb/v7-m\libgcc.a
LOAD d:/stm32cubeide_1.4.0/stm32cubeide/plugins/com.st.stm32cube.ide.mcu.externaltools.gnu-tools-for-stm32.7-2018-q2-update.win32_1.4.0.202007081208/tools/bin/../lib/gcc/arm-none-eabi/7.3.1/../../../../arm-none-eabi/lib/thumb/v7-m\libg_nano.a
LOAD d:/stm32cubeide_1.4.0/stm32cubeide/plugins/com.st.stm32cube.ide.mcu.externaltools.gnu-tools-for-stm32.7-2018-q2-update.win32_1.4.0.202007081208/tools/bin/../lib/gcc/arm-none-eabi/7.3.1/../../../../arm-none-eabi/lib/thumb/v7-m\libc_nano.a
END GROUP
START GROUP
LOAD d:/stm32cubeide_1.4.0/stm32cubeide/plugins/com.st.stm32cube.ide.mcu.externaltools.gnu-tools-for-stm32.7-2018-q2-update.win32_1.4.0.202007081208/tools/bin/../lib/gcc/arm-none-eabi/7.3.1/thumb/v7-m\libgcc.a
LOAD d:/stm32cubeide_1.4.0/stm32cubeide/plugins/com.st.stm32cube.ide.mcu.externaltools.gnu-tools-for-stm32.7-2018-q2-update.win32_1.4.0.202007081208/tools/bin/../lib/gcc/arm-none-eabi/7.3.1/../../../../arm-none-eabi/lib/thumb/v7-m\libc_nano.a
LOAD d:/stm32cubeide_1.4.0/stm32cubeide/plugins/com.st.stm32cube.ide.mcu.externaltools.gnu-tools-for-stm32.7-2018-q2-update.win32_1.4.0.202007081208/tools/bin/../lib/gcc/arm-none-eabi/7.3.1/../../../../arm-none-eabi/lib/thumb/v7-m\libnosys.a
END GROUP
START GROUP
LOAD d:/stm32cubeide_1.4.0/stm32cubeide/plugins/com.st.stm32cube.ide.mcu.externaltools.gnu-tools-for-stm32.7-2018-q2-update.win32_1.4.0.202007081208/tools/bin/../lib/gcc/arm-none-eabi/7.3.1/thumb/v7-m\libgcc.a
LOAD d:/stm32cubeide_1.4.0/stm32cubeide/plugins/com.st.stm32cube.ide.mcu.externaltools.gnu-tools-for-stm32.7-2018-q2-update.win32_1.4.0.202007081208/tools/bin/../lib/gcc/arm-none-eabi/7.3.1/../../../../arm-none-eabi/lib/thumb/v7-m\libc_nano.a
LOAD d:/stm32cubeide_1.4.0/stm32cubeide/plugins/com.st.stm32cube.ide.mcu.externaltools.gnu-tools-for-stm32.7-2018-q2-update.win32_1.4.0.202007081208/tools/bin/../lib/gcc/arm-none-eabi/7.3.1/../../../../arm-none-eabi/lib/thumb/v7-m\libnosys.a
END GROUP
LOAD d:/stm32cubeide_1.4.0/stm32cubeide/plugins/com.st.stm32cube.ide.mcu.externaltools.gnu-tools-for-stm32.7-2018-q2-update.win32_1.4.0.202007081208/tools/bin/../lib/gcc/arm-none-eabi/7.3.1/thumb/v7-m/crtend.o
LOAD d:/stm32cubeide_1.4.0/stm32cubeide/plugins/com.st.stm32cube.ide.mcu.externaltools.gnu-tools-for-stm32.7-2018-q2-update.win32_1.4.0.202007081208/tools/bin/../lib/gcc/arm-none-eabi/7.3.1/thumb/v7-m/crtn.o
                0x0000000020002800                _estack = (ORIGIN (RAM) + LENGTH (RAM))
                0x0000000000000200                _Min_Heap_Size = 0x200
                0x0000000000000400                _Min_Stack_Size = 0x400

.isr_vector     0x0000000008000000      0x130
                0x0000000008000000                . = ALIGN (0x4)
 *(.isr_vector)
 .isr_vector    0x0000000008000000      0x130 Startup/startup_stm32f103c6tx.o
                0x0000000008000000                g_pfnVectors
                0x0000000008000130                . = ALIGN (0x4)

.text           0x0000000008000130     0x2548
                0x0000000008000130                . = ALIGN (0x4)
 *(.text)
 .text          0x0000000008000130       0x40 d:/stm32cubeide_1.4.0/stm32cubeide/plugins/com.st.stm32cube.ide.mcu.externaltools.gnu-tools-for-stm32.7-2018-q2-update.win32_1.4.0.202007081208/tools/bin/../lib/gcc/arm-none-eabi/7.3.1/thumb/v7-m/crtbegin.o
 *(.text*)
 .text.__NVIC_SetPriority
                0x0000000008000170       0x54 Nabil_RTOS/RTOS_SRC/Cortex_MX_OS_Porting.o
 .text.SysTick_Config
                0x00000000080001c4       0x44 Nabil_RTOS/RTOS_SRC/Cortex_MX_OS_Porting.o
 .text.HardFault_Handler
                0x0000000008000208        0x6 Nabil_RTOS/RTOS_SRC/Cortex_MX_OS_Porting.o
                0x0000000008000208                HardFault_Handler
 .text.MemManage_Handler
                0x000000000800020e        0x6 Nabil_RTOS/RTOS_SRC/Cortex_MX_OS_Porting.o
                0x000000000800020e                MemManage_Handler
 .text.BusFault_Handler
                0x0000000008000214        0x6 Nabil_RTOS/RTOS_SRC/Cortex_MX_OS_Porting.o
                0x0000000008000214                BusFault_Handler
 .text.UsageFault_Handler
                0x000000000800021a        0x6 Nabil_RTOS/RTOS_SRC/Cortex_MX_OS_Porting.o
                0x000000000800021a                UsageFault_Handler
 .text.SVC_Handler
                0x0000000008000220       0x14 Nabil_RTOS/RTOS_SRC/Cortex_MX_OS_Porting.o
                0x0000000008000220                SVC_Handler
 .text.HW_INIT  0x0000000008000234       0x12 Nabil_RTOS/RTOS_SRC/Cortex_MX_OS_Porting.o
                0x0000000008000234                HW_INIT
 .text.OS_start_ticker
                0x0000000008000246       0x10 Nabil_RTOS/RTOS_SRC/Cortex_MX_OS_Porting.o
                0x0000000008000246                OS_start_ticker
 .text.Fifo_init
                0x0000000008000256       0x40 Nabil_RTOS/RTOS_SRC/Nabil_RTOS_FIFO.o
                0x0000000008000256                Fifo_init
 .text.Fifo_add_item
                0x0000000008000296       0x6e Nabil_RTOS/RTOS_SRC/Nabil_RTOS_FIFO.o
                0x0000000008000296                Fifo_add_item
 .text.Fifo_get_item
                0x0000000008000304       0x80 Nabil_RTOS/RTOS_SRC/Nabil_RTOS_FIFO.o
                0x0000000008000304                Fifo_get_item
 .text.idle_task_funtion
                0x0000000008000384       0x48 Nabil_RTOS/RTOS_SRC/scheduler.o
                0x0000000008000384                idle_task_funtion
 .text.My_RTOS_Create_MainStack
                0x00000000080003cc       0x3c Nabil_RTOS/RTOS_SRC/scheduler.o
                0x00000000080003cc                My_RTOS_Create_MainStack
 .text.Nabil_Rtos_create_task_stack
                0x0000000008000408       0x82 Nabil_RTOS/RTOS_SRC/scheduler.o
                0x0000000008000408                Nabil_Rtos_create_task_stack
 *fill*         0x000000000800048a        0x2 
 .text.OS_SVC_Set
                0x000000000800048c       0x64 Nabil_RTOS/RTOS_SRC/scheduler.o
                0x000000000800048c                OS_SVC_Set
 .text.Nabil_RTOS_update_Sch_table
                0x00000000080004f0      0x154 Nabil_RTOS/RTOS_SRC/scheduler.o
                0x00000000080004f0                Nabil_RTOS_update_Sch_table
 .text.Nabil_Rtos_Lock_Semaphore
                0x0000000008000644       0x1a Nabil_RTOS/RTOS_SRC/scheduler.o
                0x0000000008000644                Nabil_Rtos_Lock_Semaphore
 .text.Nabil_Rtos_unLock_Semaphore
                0x000000000800065e       0x1a Nabil_RTOS/RTOS_SRC/scheduler.o
                0x000000000800065e                Nabil_Rtos_unLock_Semaphore
 .text.check_Semaphore
                0x0000000008000678       0x16 Nabil_RTOS/RTOS_SRC/scheduler.o
                0x0000000008000678                check_Semaphore
 *fill*         0x000000000800068e        0x2 
 .text.empty_ready_queue
                0x0000000008000690       0x58 Nabil_RTOS/RTOS_SRC/scheduler.o
                0x0000000008000690                empty_ready_queue
 .text.fill_ready_queue
                0x00000000080006e8       0x94 Nabil_RTOS/RTOS_SRC/scheduler.o
                0x00000000080006e8                fill_ready_queue
 .text.OS_decide_what_next
                0x000000000800077c       0xac Nabil_RTOS/RTOS_SRC/scheduler.o
                0x000000000800077c                OS_decide_what_next
 .text.trigger_pendsv
                0x0000000008000828       0x1c Nabil_RTOS/RTOS_SRC/scheduler.o
                0x0000000008000828                trigger_pendsv
 .text.service_handler
                0x0000000008000844       0xe4 Nabil_RTOS/RTOS_SRC/scheduler.o
                0x0000000008000844                service_handler
 .text.update_tasks_time_waiting
                0x0000000008000928       0xe8 Nabil_RTOS/RTOS_SRC/scheduler.o
                0x0000000008000928                update_tasks_time_waiting
 .text.My_RTOS_Init
                0x0000000008000a10       0x74 Nabil_RTOS/RTOS_SRC/scheduler.o
                0x0000000008000a10                My_RTOS_Init
 .text.Nabil_RTOS_Task_wait
                0x0000000008000a84       0x26 Nabil_RTOS/RTOS_SRC/scheduler.o
                0x0000000008000a84                Nabil_RTOS_Task_wait
 *fill*         0x0000000008000aaa        0x2 
 .text.Nabil_Rtos_Create_Task
                0x0000000008000aac       0x88 Nabil_RTOS/RTOS_SRC/scheduler.o
                0x0000000008000aac                Nabil_Rtos_Create_Task
 .text.Nabil_Activate_task
                0x0000000008000b34       0x20 Nabil_RTOS/RTOS_SRC/scheduler.o
                0x0000000008000b34                Nabil_Activate_task
 .text.Nabil_Terminate_task
                0x0000000008000b54       0x20 Nabil_RTOS/RTOS_SRC/scheduler.o
                0x0000000008000b54                Nabil_Terminate_task
 .text.OS_Start
                0x0000000008000b74       0x64 Nabil_RTOS/RTOS_SRC/scheduler.o
                0x0000000008000b74                OS_Start
 .text.enhance_Piriority_inversion_latency
                0x0000000008000bd8       0x46 Nabil_RTOS/RTOS_SRC/scheduler.o
                0x0000000008000bd8                enhance_Piriority_inversion_latency
 .text.Nabil_Rtos_Aquire_Mutex
                0x0000000008000c1e       0x44 Nabil_RTOS/RTOS_SRC/scheduler.o
                0x0000000008000c1e                Nabil_Rtos_Aquire_Mutex
 .text.Nabil_Rtos_Release_Mutex
                0x0000000008000c62       0x5e Nabil_RTOS/RTOS_SRC/scheduler.o
                0x0000000008000c62                Nabil_Rtos_Release_Mutex
 .text.SysTick_Handler
                0x0000000008000cc0       0x6c Nabil_RTOS/RTOS_SRC/scheduler.o
                0x0000000008000cc0                SysTick_Handler
 .text.PendSV_Handler
                0x0000000008000d2c      0x1c4 Nabil_RTOS/RTOS_SRC/scheduler.o
                0x0000000008000d2c                PendSV_Handler
 .text.MCAL_EXTI_Init
                0x0000000008000ef0      0x144 Src/EXTI.o
                0x0000000008000ef0                MCAL_EXTI_Init
 .text.MCAL_EXTI_Enable
                0x0000000008001034      0x15c Src/EXTI.o
                0x0000000008001034                MCAL_EXTI_Enable
 .text.MCAL_EXTI_Disable
                0x0000000008001190      0x16c Src/EXTI.o
                0x0000000008001190                MCAL_EXTI_Disable
 .text.routing_value
                0x00000000080012fc       0x54 Src/EXTI.o
                0x00000000080012fc                routing_value
 .text.EXTI0_IRQHandler
                0x0000000008001350       0x34 Src/EXTI.o
                0x0000000008001350                EXTI0_IRQHandler
 .text.EXTI1_IRQHandler
                0x0000000008001384       0x34 Src/EXTI.o
                0x0000000008001384                EXTI1_IRQHandler
 .text.EXTI2_IRQHandler
                0x00000000080013b8       0x34 Src/EXTI.o
                0x00000000080013b8                EXTI2_IRQHandler
 .text.EXTI3_IRQHandler
                0x00000000080013ec       0x34 Src/EXTI.o
                0x00000000080013ec                EXTI3_IRQHandler
 .text.EXTI4_IRQHandler
                0x0000000008001420       0x34 Src/EXTI.o
                0x0000000008001420                EXTI4_IRQHandler
 .text.EXTI9_5_IRQHandler
                0x0000000008001454       0xb8 Src/EXTI.o
                0x0000000008001454                EXTI9_5_IRQHandler
 .text.EXTI15_10_IRQHandler
                0x000000000800150c       0xd4 Src/EXTI.o
                0x000000000800150c                EXTI15_10_IRQHandler
 .text.get_position
                0x00000000080015e0       0xc6 Src/GPIO.o
                0x00000000080015e0                get_position
 .text.reset_mode_cfn
                0x00000000080016a6       0x2a Src/GPIO.o
                0x00000000080016a6                reset_mode_cfn
 .text.MCAL_GPIO_Init
                0x00000000080016d0      0x15e Src/GPIO.o
                0x00000000080016d0                MCAL_GPIO_Init
 *fill*         0x000000000800182e        0x2 
 .text.button_init
                0x0000000008001830       0xd4 Src/buttons.o
                0x0000000008001830                button_init
 .text.my_delay
                0x0000000008001904       0x38 Src/lcd.o
                0x0000000008001904                my_delay
 .text.Lcd_En   0x000000000800193c       0x9c Src/lcd.o
                0x000000000800193c                Lcd_En
 .text.lcd_is_busy
                0x00000000080019d8       0x5c Src/lcd.o
                0x00000000080019d8                lcd_is_busy
 .text.lcd_send_command
                0x0000000008001a34       0xcc Src/lcd.o
                0x0000000008001a34                lcd_send_command
 .text.lcd_init
                0x0000000008001b00      0x1d0 Src/lcd.o
                0x0000000008001b00                lcd_init
 .text.lcd_display_char
                0x0000000008001cd0       0xd8 Src/lcd.o
                0x0000000008001cd0                lcd_display_char
 .text.lcd_display_sentence
                0x0000000008001da8       0x76 Src/lcd.o
                0x0000000008001da8                lcd_display_sentence
 *fill*         0x0000000008001e1e        0x2 
 .text.clock_init
                0x0000000008001e20       0x34 Src/main.o
                0x0000000008001e20                clock_init
 .text.Hard_Ware_init
                0x0000000008001e54       0x14 Src/main.o
                0x0000000008001e54                Hard_Ware_init
 .text.task1_fun
                0x0000000008001e68      0x178 Src/main.o
                0x0000000008001e68                task1_fun
 .text.task2_fun
                0x0000000008001fe0      0x2d8 Src/main.o
                0x0000000008001fe0                task2_fun
 .text.main     0x00000000080022b8       0xc8 Src/main.o
                0x00000000080022b8                main
 .text.North_Pb_IRQ
                0x0000000008002380       0x28 Src/main.o
                0x0000000008002380                North_Pb_IRQ
 .text.South_Pb_IRQ
                0x00000000080023a8       0x28 Src/main.o
                0x00000000080023a8                South_Pb_IRQ
 .text.East_Pb_IRQ
                0x00000000080023d0       0x28 Src/main.o
                0x00000000080023d0                East_Pb_IRQ
 .text.West_Pb_IRQ
                0x00000000080023f8       0x28 Src/main.o
                0x00000000080023f8                West_Pb_IRQ
 .text.traffic_light_init
                0x0000000008002420       0xe4 Src/traffic_light.o
                0x0000000008002420                traffic_light_init
 .text.traffic_light_update
                0x0000000008002504       0xc0 Src/traffic_light.o
                0x0000000008002504                traffic_light_update
 .text.Reset_Handler
                0x00000000080025c4       0x50 Startup/startup_stm32f103c6tx.o
                0x00000000080025c4                Reset_Handler
 .text.Default_Handler
                0x0000000008002614        0x2 Startup/startup_stm32f103c6tx.o
                0x0000000008002614                TIM8_TRG_COM_IRQHandler
                0x0000000008002614                TIM8_CC_IRQHandler
                0x0000000008002614                DebugMon_Handler
                0x0000000008002614                TIM1_CC_IRQHandler
                0x0000000008002614                TIM6_IRQHandler
                0x0000000008002614                PVD_IRQHandler
                0x0000000008002614                SDIO_IRQHandler
                0x0000000008002614                NMI_Handler
                0x0000000008002614                USB_HP_CAN_TX_IRQHandler
                0x0000000008002614                I2C2_EV_IRQHandler
                0x0000000008002614                ADC1_2_IRQHandler
                0x0000000008002614                SPI1_IRQHandler
                0x0000000008002614                CAN_SCE_IRQHandler
                0x0000000008002614                TAMPER_IRQHandler
                0x0000000008002614                TIM8_UP_IRQHandler
                0x0000000008002614                DMA2_Channel2_IRQHandler
                0x0000000008002614                DMA1_Channel4_IRQHandler
                0x0000000008002614                USART3_IRQHandler
                0x0000000008002614                RTC_IRQHandler
                0x0000000008002614                DMA1_Channel7_IRQHandler
                0x0000000008002614                UART5_IRQHandler
                0x0000000008002614                ADC3_IRQHandler
                0x0000000008002614                TIM4_IRQHandler
                0x0000000008002614                CAN_RX1_IRQHandler
                0x0000000008002614                DMA2_Channel1_IRQHandler
                0x0000000008002614                I2C1_EV_IRQHandler
                0x0000000008002614                DMA1_Channel6_IRQHandler
                0x0000000008002614                UART4_IRQHandler
                0x0000000008002614                TIM3_IRQHandler
                0x0000000008002614                RCC_IRQHandler
                0x0000000008002614                TIM1_TRG_COM_IRQHandler
                0x0000000008002614                DMA1_Channel1_IRQHandler
                0x0000000008002614                Default_Handler
                0x0000000008002614                TIM7_IRQHandler
                0x0000000008002614                TIM5_IRQHandler
                0x0000000008002614                SPI2_IRQHandler
                0x0000000008002614                USB_LP_CAN_RX0_IRQHandler
                0x0000000008002614                DMA1_Channel5_IRQHandler
                0x0000000008002614                DMA1_Channel3_IRQHandler
                0x0000000008002614                FSMC_IRQHandler
                0x0000000008002614                TIM1_UP_IRQHandler
                0x0000000008002614                WWDG_IRQHandler
                0x0000000008002614                TIM2_IRQHandler
                0x0000000008002614                TIM1_BRK_IRQHandler
                0x0000000008002614                RTCAlarm_IRQHandler
                0x0000000008002614                DMA2_Channel4_5_IRQHandler
                0x0000000008002614                USART2_IRQHandler
                0x0000000008002614                I2C2_ER_IRQHandler
                0x0000000008002614                DMA1_Channel2_IRQHandler
                0x0000000008002614                TIM8_BRK_IRQHandler
                0x0000000008002614                FLASH_IRQHandler
                0x0000000008002614                USART1_IRQHandler
                0x0000000008002614                SPI3_IRQHandler
                0x0000000008002614                I2C1_ER_IRQHandler
                0x0000000008002614                DMA2_Channel3_IRQHandler
 *fill*         0x0000000008002616        0x2 
 .text.__libc_init_array
                0x0000000008002618       0x48 d:/stm32cubeide_1.4.0/stm32cubeide/plugins/com.st.stm32cube.ide.mcu.externaltools.gnu-tools-for-stm32.7-2018-q2-update.win32_1.4.0.202007081208/tools/bin/../lib/gcc/arm-none-eabi/7.3.1/../../../../arm-none-eabi/lib/thumb/v7-m\libc_nano.a(lib_a-init.o)
                0x0000000008002618                __libc_init_array
 *(.glue_7)
 .glue_7        0x0000000008002660        0x0 linker stubs
 *(.glue_7t)
 .glue_7t       0x0000000008002660        0x0 linker stubs
 *(.eh_frame)
 .eh_frame      0x0000000008002660        0x0 d:/stm32cubeide_1.4.0/stm32cubeide/plugins/com.st.stm32cube.ide.mcu.externaltools.gnu-tools-for-stm32.7-2018-q2-update.win32_1.4.0.202007081208/tools/bin/../lib/gcc/arm-none-eabi/7.3.1/thumb/v7-m/crtbegin.o
 *(.init)
 .init          0x0000000008002660        0x4 d:/stm32cubeide_1.4.0/stm32cubeide/plugins/com.st.stm32cube.ide.mcu.externaltools.gnu-tools-for-stm32.7-2018-q2-update.win32_1.4.0.202007081208/tools/bin/../lib/gcc/arm-none-eabi/7.3.1/thumb/v7-m/crti.o
                0x0000000008002660                _init
 .init          0x0000000008002664        0x8 d:/stm32cubeide_1.4.0/stm32cubeide/plugins/com.st.stm32cube.ide.mcu.externaltools.gnu-tools-for-stm32.7-2018-q2-update.win32_1.4.0.202007081208/tools/bin/../lib/gcc/arm-none-eabi/7.3.1/thumb/v7-m/crtn.o
 *(.fini)
 .fini          0x000000000800266c        0x4 d:/stm32cubeide_1.4.0/stm32cubeide/plugins/com.st.stm32cube.ide.mcu.externaltools.gnu-tools-for-stm32.7-2018-q2-update.win32_1.4.0.202007081208/tools/bin/../lib/gcc/arm-none-eabi/7.3.1/thumb/v7-m/crti.o
                0x000000000800266c                _fini
 .fini          0x0000000008002670        0x8 d:/stm32cubeide_1.4.0/stm32cubeide/plugins/com.st.stm32cube.ide.mcu.externaltools.gnu-tools-for-stm32.7-2018-q2-update.win32_1.4.0.202007081208/tools/bin/../lib/gcc/arm-none-eabi/7.3.1/thumb/v7-m/crtn.o
                0x0000000008002678                . = ALIGN (0x4)
                0x0000000008002678                _etext = .

.vfp11_veneer   0x0000000008002678        0x0
 .vfp11_veneer  0x0000000008002678        0x0 linker stubs

.v4_bx          0x0000000008002678        0x0
 .v4_bx         0x0000000008002678        0x0 linker stubs

.iplt           0x0000000008002678        0x0
 .iplt          0x0000000008002678        0x0 d:/stm32cubeide_1.4.0/stm32cubeide/plugins/com.st.stm32cube.ide.mcu.externaltools.gnu-tools-for-stm32.7-2018-q2-update.win32_1.4.0.202007081208/tools/bin/../lib/gcc/arm-none-eabi/7.3.1/thumb/v7-m/crtbegin.o

.rodata         0x0000000008002678       0x8c
                0x0000000008002678                . = ALIGN (0x4)
 *(.rodata)
 .rodata        0x0000000008002678        0xa Nabil_RTOS/RTOS_SRC/scheduler.o
 *fill*         0x0000000008002682        0x2 
 .rodata        0x0000000008002684       0x7d Src/main.o
 *(.rodata*)
                0x0000000008002704                . = ALIGN (0x4)
 *fill*         0x0000000008002701        0x3 

.rel.dyn        0x0000000008002704        0x0
 .rel.iplt      0x0000000008002704        0x0 d:/stm32cubeide_1.4.0/stm32cubeide/plugins/com.st.stm32cube.ide.mcu.externaltools.gnu-tools-for-stm32.7-2018-q2-update.win32_1.4.0.202007081208/tools/bin/../lib/gcc/arm-none-eabi/7.3.1/thumb/v7-m/crtbegin.o

.ARM.extab      0x0000000008002704        0x0
                0x0000000008002704                . = ALIGN (0x4)
 *(.ARM.extab* .gnu.linkonce.armextab.*)
                0x0000000008002704                . = ALIGN (0x4)

.ARM            0x0000000008002704        0x0
                0x0000000008002704                . = ALIGN (0x4)
                0x0000000008002704                __exidx_start = .
 *(.ARM.exidx*)
                0x0000000008002704                __exidx_end = .
                0x0000000008002704                . = ALIGN (0x4)

.preinit_array  0x0000000008002704        0x0
                0x0000000008002704                . = ALIGN (0x4)
                0x0000000008002704                PROVIDE (__preinit_array_start = .)
 *(.preinit_array*)
                0x0000000008002704                PROVIDE (__preinit_array_end = .)
                0x0000000008002704                . = ALIGN (0x4)

.init_array     0x0000000008002704        0x4
                0x0000000008002704                . = ALIGN (0x4)
                0x0000000008002704                PROVIDE (__init_array_start = .)
 *(SORT_BY_NAME(.init_array.*))
 *(.init_array*)
 .init_array    0x0000000008002704        0x4 d:/stm32cubeide_1.4.0/stm32cubeide/plugins/com.st.stm32cube.ide.mcu.externaltools.gnu-tools-for-stm32.7-2018-q2-update.win32_1.4.0.202007081208/tools/bin/../lib/gcc/arm-none-eabi/7.3.1/thumb/v7-m/crtbegin.o
                0x0000000008002708                PROVIDE (__init_array_end = .)
                0x0000000008002708                . = ALIGN (0x4)

.fini_array     0x0000000008002708        0x4
                0x0000000008002708                . = ALIGN (0x4)
                [!provide]                        PROVIDE (__fini_array_start = .)
 *(SORT_BY_NAME(.fini_array.*))
 *(.fini_array*)
 .fini_array    0x0000000008002708        0x4 d:/stm32cubeide_1.4.0/stm32cubeide/plugins/com.st.stm32cube.ide.mcu.externaltools.gnu-tools-for-stm32.7-2018-q2-update.win32_1.4.0.202007081208/tools/bin/../lib/gcc/arm-none-eabi/7.3.1/thumb/v7-m/crtbegin.o
                [!provide]                        PROVIDE (__fini_array_end = .)
                0x000000000800270c                . = ALIGN (0x4)
                0x000000000800270c                _sidata = LOADADDR (.data)

.data           0x0000000020000000       0x98 load address 0x000000000800270c
                0x0000000020000000                . = ALIGN (0x4)
                0x0000000020000000                _sdata = .
 *(.data)
 *(.data*)
 .data.created_tasks_number
                0x0000000020000000        0x4 Nabil_RTOS/RTOS_SRC/scheduler.o
                0x0000000020000000                created_tasks_number
 .data.all_possible_status
                0x0000000020000004        0x8 Src/main.o
                0x0000000020000004                all_possible_status
 .data.Signaling_traffic
                0x000000002000000c       0x29 Src/main.o
                0x000000002000000c                Signaling_traffic
 *fill*         0x0000000020000035        0x3 
 .data.Signaling_lcd1
                0x0000000020000038       0x29 Src/main.o
                0x0000000020000038                Signaling_lcd1
 *fill*         0x0000000020000061        0x3 
 .data.Signaling_lcd2
                0x0000000020000064       0x29 Src/main.o
                0x0000000020000064                Signaling_lcd2
 *fill*         0x000000002000008d        0x3 
 .data.mail_box
                0x0000000020000090        0x8 Src/main.o
                0x0000000020000090                mail_box
                0x0000000020000098                . = ALIGN (0x4)
                0x0000000020000098                _edata = .

.igot.plt       0x0000000020000098        0x0 load address 0x00000000080027a4
 .igot.plt      0x0000000020000098        0x0 d:/stm32cubeide_1.4.0/stm32cubeide/plugins/com.st.stm32cube.ide.mcu.externaltools.gnu-tools-for-stm32.7-2018-q2-update.win32_1.4.0.202007081208/tools/bin/../lib/gcc/arm-none-eabi/7.3.1/thumb/v7-m/crtbegin.o
                0x0000000020000098                . = ALIGN (0x4)

.bss            0x0000000020000098      0x5a8 load address 0x00000000080027a4
                0x0000000020000098                _sbss = .
                0x0000000020000098                __bss_start__ = _sbss
 *(.bss)
 .bss           0x0000000020000098       0x1c d:/stm32cubeide_1.4.0/stm32cubeide/plugins/com.st.stm32cube.ide.mcu.externaltools.gnu-tools-for-stm32.7-2018-q2-update.win32_1.4.0.202007081208/tools/bin/../lib/gcc/arm-none-eabi/7.3.1/thumb/v7-m/crtbegin.o
 *(.bss*)
 .bss.idle_flag
                0x00000000200000b4        0x1 Nabil_RTOS/RTOS_SRC/scheduler.o
                0x00000000200000b4                idle_flag
 *fill*         0x00000000200000b5        0x3 
 .bss.i         0x00000000200000b8        0x4 Nabil_RTOS/RTOS_SRC/scheduler.o
                0x00000000200000b8                i
 .bss.req1_delay
                0x00000000200000bc        0x4 Src/main.o
                0x00000000200000bc                req1_delay
 .bss.req2_delay
                0x00000000200000c0        0x4 Src/main.o
                0x00000000200000c0                req2_delay
 .bss.t2_status
                0x00000000200000c4        0x1 Src/main.o
                0x00000000200000c4                t2_status
 *fill*         0x00000000200000c5        0x3 
 .bss.north_south_IR_disable_time
                0x00000000200000c8        0x4 Src/main.o
                0x00000000200000c8                north_south_IR_disable_time
 .bss.east_west_IR_disable_time
                0x00000000200000cc        0x4 Src/main.o
                0x00000000200000cc                east_west_IR_disable_time
 .bss.number_of_active_requests
                0x00000000200000d0        0x1 Src/main.o
                0x00000000200000d0                number_of_active_requests
 *fill*         0x00000000200000d1        0x3 
 .bss.index1    0x00000000200000d4        0x4 Src/main.o
                0x00000000200000d4                index1
 *(COMMON)
 COMMON         0x00000000200000d8      0x3a8 Nabil_RTOS/RTOS_SRC/scheduler.o
                0x00000000200000d8                j
                0x00000000200000dc                OS_control
                0x0000000020000288                system_idle_task
                0x00000000200002d8                ready_queue
                0x0000000020000468                v
                0x000000002000046c                Nabil_Rtos_Ready_queue
 COMMON         0x0000000020000480       0x40 Src/EXTI.o
                0x0000000020000480                arr_of_ptF
 COMMON         0x00000000200004c0      0x17c Src/main.o
                0x00000000200004c0                t3
                0x0000000020000510                t2
                0x0000000020000560                t4
                0x00000000200005b0                push_button_interrupt_soure
                0x00000000200005b4                t1
                0x0000000020000604                m1
 COMMON         0x000000002000063c        0x2 Src/traffic_light.o
                0x000000002000063c                current_status
                0x0000000020000640                . = ALIGN (0x4)
 *fill*         0x000000002000063e        0x2 
                0x0000000020000640                _ebss = .
                0x0000000020000640                __bss_end__ = _ebss

._user_heap_stack
                0x0000000020000640      0x600 load address 0x00000000080027a4
                0x0000000020000640                . = ALIGN (0x8)
                [!provide]                        PROVIDE (end = .)
                0x0000000020000640                PROVIDE (_end = .)
                0x0000000020000840                . = (. + _Min_Heap_Size)
 *fill*         0x0000000020000640      0x200 
                0x0000000020000840                . = ALIGN (0x4)
                0x0000000020000840                _e_heap = .
                0x0000000020000c40                . = (. + _Min_Stack_Size)
 *fill*         0x0000000020000840      0x400 
                0x0000000020000c40                . = ALIGN (0x8)

/DISCARD/
 libc.a(*)
 libm.a(*)
 libgcc.a(*)

.ARM.attributes
                0x0000000000000000       0x29
 *(.ARM.attributes)
 .ARM.attributes
                0x0000000000000000       0x1d d:/stm32cubeide_1.4.0/stm32cubeide/plugins/com.st.stm32cube.ide.mcu.externaltools.gnu-tools-for-stm32.7-2018-q2-update.win32_1.4.0.202007081208/tools/bin/../lib/gcc/arm-none-eabi/7.3.1/thumb/v7-m/crti.o
 .ARM.attributes
                0x000000000000001d       0x2d d:/stm32cubeide_1.4.0/stm32cubeide/plugins/com.st.stm32cube.ide.mcu.externaltools.gnu-tools-for-stm32.7-2018-q2-update.win32_1.4.0.202007081208/tools/bin/../lib/gcc/arm-none-eabi/7.3.1/thumb/v7-m/crtbegin.o
 .ARM.attributes
                0x000000000000004a       0x33 Nabil_RTOS/RTOS_SRC/Cortex_MX_OS_Porting.o
 .ARM.attributes
                0x000000000000007d       0x33 Nabil_RTOS/RTOS_SRC/Nabil_RTOS_FIFO.o
 .ARM.attributes
                0x00000000000000b0       0x33 Nabil_RTOS/RTOS_SRC/scheduler.o
 .ARM.attributes
                0x00000000000000e3       0x33 Src/EXTI.o
 .ARM.attributes
                0x0000000000000116       0x33 Src/GPIO.o
 .ARM.attributes
                0x0000000000000149       0x33 Src/buttons.o
 .ARM.attributes
                0x000000000000017c       0x33 Src/lcd.o
 .ARM.attributes
                0x00000000000001af       0x33 Src/main.o
 .ARM.attributes
                0x00000000000001e2       0x33 Src/traffic_light.o
 .ARM.attributes
                0x0000000000000215       0x21 Startup/startup_stm32f103c6tx.o
 .ARM.attributes
                0x0000000000000236       0x2d d:/stm32cubeide_1.4.0/stm32cubeide/plugins/com.st.stm32cube.ide.mcu.externaltools.gnu-tools-for-stm32.7-2018-q2-update.win32_1.4.0.202007081208/tools/bin/../lib/gcc/arm-none-eabi/7.3.1/../../../../arm-none-eabi/lib/thumb/v7-m\libc_nano.a(lib_a-init.o)
 .ARM.attributes
                0x0000000000000263       0x1d d:/stm32cubeide_1.4.0/stm32cubeide/plugins/com.st.stm32cube.ide.mcu.externaltools.gnu-tools-for-stm32.7-2018-q2-update.win32_1.4.0.202007081208/tools/bin/../lib/gcc/arm-none-eabi/7.3.1/thumb/v7-m/crtn.o
OUTPUT(yarb.axf elf32-littlearm)

.debug_info     0x0000000000000000     0x7742
 .debug_info    0x0000000000000000      0x5dd Nabil_RTOS/RTOS_SRC/Cortex_MX_OS_Porting.o
 .debug_info    0x00000000000005dd      0xceb Nabil_RTOS/RTOS_SRC/Nabil_RTOS_FIFO.o
 .debug_info    0x00000000000012c8     0x155e Nabil_RTOS/RTOS_SRC/scheduler.o
 .debug_info    0x0000000000002826      0xd9e Src/EXTI.o
 .debug_info    0x00000000000035c4      0xe04 Src/GPIO.o
 .debug_info    0x00000000000043c8      0xafe Src/buttons.o
 .debug_info    0x0000000000004ec6      0xccc Src/lcd.o
 .debug_info    0x0000000000005b92     0x1032 Src/main.o
 .debug_info    0x0000000000006bc4      0xb5c Src/traffic_light.o
 .debug_info    0x0000000000007720       0x22 Startup/startup_stm32f103c6tx.o

.debug_abbrev   0x0000000000000000     0x136f
 .debug_abbrev  0x0000000000000000      0x174 Nabil_RTOS/RTOS_SRC/Cortex_MX_OS_Porting.o
 .debug_abbrev  0x0000000000000174      0x203 Nabil_RTOS/RTOS_SRC/Nabil_RTOS_FIFO.o
 .debug_abbrev  0x0000000000000377      0x3b5 Nabil_RTOS/RTOS_SRC/scheduler.o
 .debug_abbrev  0x000000000000072c      0x214 Src/EXTI.o
 .debug_abbrev  0x0000000000000940      0x273 Src/GPIO.o
 .debug_abbrev  0x0000000000000bb3      0x17d Src/buttons.o
 .debug_abbrev  0x0000000000000d30      0x1fe Src/lcd.o
 .debug_abbrev  0x0000000000000f2e      0x247 Src/main.o
 .debug_abbrev  0x0000000000001175      0x1e8 Src/traffic_light.o
 .debug_abbrev  0x000000000000135d       0x12 Startup/startup_stm32f103c6tx.o

.debug_loc      0x0000000000000000     0x1734
 .debug_loc     0x0000000000000000      0x1b4 Nabil_RTOS/RTOS_SRC/Cortex_MX_OS_Porting.o
 .debug_loc     0x00000000000001b4      0x170 Nabil_RTOS/RTOS_SRC/Nabil_RTOS_FIFO.o
 .debug_loc     0x0000000000000324      0x714 Nabil_RTOS/RTOS_SRC/scheduler.o
 .debug_loc     0x0000000000000a38      0x32c Src/EXTI.o
 .debug_loc     0x0000000000000d64      0x444 Src/GPIO.o
 .debug_loc     0x00000000000011a8       0x50 Src/buttons.o
 .debug_loc     0x00000000000011f8      0x298 Src/lcd.o
 .debug_loc     0x0000000000001490      0x1f8 Src/main.o
 .debug_loc     0x0000000000001688       0xac Src/traffic_light.o

.debug_aranges  0x0000000000000000      0x398
 .debug_aranges
                0x0000000000000000       0x60 Nabil_RTOS/RTOS_SRC/Cortex_MX_OS_Porting.o
 .debug_aranges
                0x0000000000000060       0x38 Nabil_RTOS/RTOS_SRC/Nabil_RTOS_FIFO.o
 .debug_aranges
                0x0000000000000098       0xe0 Nabil_RTOS/RTOS_SRC/scheduler.o
 .debug_aranges
                0x0000000000000178       0x80 Src/EXTI.o
 .debug_aranges
                0x00000000000001f8       0x78 Src/GPIO.o
 .debug_aranges
                0x0000000000000270       0x20 Src/buttons.o
 .debug_aranges
                0x0000000000000290       0x58 Src/lcd.o
 .debug_aranges
                0x00000000000002e8       0x60 Src/main.o
 .debug_aranges
                0x0000000000000348       0x28 Src/traffic_light.o
 .debug_aranges
                0x0000000000000370       0x28 Startup/startup_stm32f103c6tx.o

.debug_ranges   0x0000000000000000      0x300
 .debug_ranges  0x0000000000000000       0x50 Nabil_RTOS/RTOS_SRC/Cortex_MX_OS_Porting.o
 .debug_ranges  0x0000000000000050       0x28 Nabil_RTOS/RTOS_SRC/Nabil_RTOS_FIFO.o
 .debug_ranges  0x0000000000000078       0xd0 Nabil_RTOS/RTOS_SRC/scheduler.o
 .debug_ranges  0x0000000000000148       0x70 Src/EXTI.o
 .debug_ranges  0x00000000000001b8       0x68 Src/GPIO.o
 .debug_ranges  0x0000000000000220       0x10 Src/buttons.o
 .debug_ranges  0x0000000000000230       0x48 Src/lcd.o
 .debug_ranges  0x0000000000000278       0x50 Src/main.o
 .debug_ranges  0x00000000000002c8       0x18 Src/traffic_light.o
 .debug_ranges  0x00000000000002e0       0x20 Startup/startup_stm32f103c6tx.o

.debug_macro    0x0000000000000000     0x4150
 .debug_macro   0x0000000000000000       0xbd Nabil_RTOS/RTOS_SRC/Cortex_MX_OS_Porting.o
 .debug_macro   0x00000000000000bd      0xa60 Nabil_RTOS/RTOS_SRC/Cortex_MX_OS_Porting.o
 .debug_macro   0x0000000000000b1d       0x28 Nabil_RTOS/RTOS_SRC/Cortex_MX_OS_Porting.o
 .debug_macro   0x0000000000000b45       0x22 Nabil_RTOS/RTOS_SRC/Cortex_MX_OS_Porting.o
 .debug_macro   0x0000000000000b67       0x8e Nabil_RTOS/RTOS_SRC/Cortex_MX_OS_Porting.o
 .debug_macro   0x0000000000000bf5       0x51 Nabil_RTOS/RTOS_SRC/Cortex_MX_OS_Porting.o
 .debug_macro   0x0000000000000c46       0xef Nabil_RTOS/RTOS_SRC/Cortex_MX_OS_Porting.o
 .debug_macro   0x0000000000000d35       0x6a Nabil_RTOS/RTOS_SRC/Cortex_MX_OS_Porting.o
 .debug_macro   0x0000000000000d9f      0x1df Nabil_RTOS/RTOS_SRC/Cortex_MX_OS_Porting.o
 .debug_macro   0x0000000000000f7e       0x1c Nabil_RTOS/RTOS_SRC/Cortex_MX_OS_Porting.o
 .debug_macro   0x0000000000000f9a       0x22 Nabil_RTOS/RTOS_SRC/Cortex_MX_OS_Porting.o
 .debug_macro   0x0000000000000fbc       0xe5 Nabil_RTOS/RTOS_SRC/Cortex_MX_OS_Porting.o
 .debug_macro   0x00000000000010a1      0xe3c Nabil_RTOS/RTOS_SRC/Cortex_MX_OS_Porting.o
 .debug_macro   0x0000000000001edd       0x28 Nabil_RTOS/RTOS_SRC/Cortex_MX_OS_Porting.o
 .debug_macro   0x0000000000001f05      0x1cd Nabil_RTOS/RTOS_SRC/Nabil_RTOS_FIFO.o
 .debug_macro   0x00000000000020d2       0x18 Nabil_RTOS/RTOS_SRC/Nabil_RTOS_FIFO.o
 .debug_macro   0x00000000000020ea       0x46 Nabil_RTOS/RTOS_SRC/Nabil_RTOS_FIFO.o
 .debug_macro   0x0000000000002130       0x3c Nabil_RTOS/RTOS_SRC/Nabil_RTOS_FIFO.o
 .debug_macro   0x000000000000216c       0x34 Nabil_RTOS/RTOS_SRC/Nabil_RTOS_FIFO.o
 .debug_macro   0x00000000000021a0       0x16 Nabil_RTOS/RTOS_SRC/Nabil_RTOS_FIFO.o
 .debug_macro   0x00000000000021b6      0x10e Nabil_RTOS/RTOS_SRC/Nabil_RTOS_FIFO.o
 .debug_macro   0x00000000000022c4       0x8d Nabil_RTOS/RTOS_SRC/Nabil_RTOS_FIFO.o
 .debug_macro   0x0000000000002351       0x52 Nabil_RTOS/RTOS_SRC/Nabil_RTOS_FIFO.o
 .debug_macro   0x00000000000023a3       0x1f Nabil_RTOS/RTOS_SRC/Nabil_RTOS_FIFO.o
 .debug_macro   0x00000000000023c2       0x43 Nabil_RTOS/RTOS_SRC/Nabil_RTOS_FIFO.o
 .debug_macro   0x0000000000002405       0x20 Nabil_RTOS/RTOS_SRC/Nabil_RTOS_FIFO.o
 .debug_macro   0x0000000000002425      0x1a3 Nabil_RTOS/RTOS_SRC/Nabil_RTOS_FIFO.o
 .debug_macro   0x00000000000025c8      0x32a Nabil_RTOS/RTOS_SRC/Nabil_RTOS_FIFO.o
 .debug_macro   0x00000000000028f2       0x16 Nabil_RTOS/RTOS_SRC/Nabil_RTOS_FIFO.o
 .debug_macro   0x0000000000002908       0x29 Nabil_RTOS/RTOS_SRC/Nabil_RTOS_FIFO.o
 .debug_macro   0x0000000000002931      0x165 Nabil_RTOS/RTOS_SRC/Nabil_RTOS_FIFO.o
 .debug_macro   0x0000000000002a96       0xca Nabil_RTOS/RTOS_SRC/Nabil_RTOS_FIFO.o
 .debug_macro   0x0000000000002b60       0x5e Nabil_RTOS/RTOS_SRC/Nabil_RTOS_FIFO.o
 .debug_macro   0x0000000000002bbe       0x10 Nabil_RTOS/RTOS_SRC/Nabil_RTOS_FIFO.o
 .debug_macro   0x0000000000002bce      0x1fd Nabil_RTOS/RTOS_SRC/scheduler.o
 .debug_macro   0x0000000000002dcb       0x16 Nabil_RTOS/RTOS_SRC/scheduler.o
 .debug_macro   0x0000000000002de1       0x35 Nabil_RTOS/RTOS_SRC/scheduler.o
 .debug_macro   0x0000000000002e16       0x20 Nabil_RTOS/RTOS_SRC/scheduler.o
 .debug_macro   0x0000000000002e36      0x148 Src/EXTI.o
 .debug_macro   0x0000000000002f7e       0x40 Src/EXTI.o
 .debug_macro   0x0000000000002fbe       0x94 Src/EXTI.o
 .debug_macro   0x0000000000003052       0x57 Src/EXTI.o
 .debug_macro   0x00000000000030a9      0x330 Src/EXTI.o
 .debug_macro   0x00000000000033d9       0xd0 Src/EXTI.o
 .debug_macro   0x00000000000034a9       0xee Src/EXTI.o
 .debug_macro   0x0000000000003597      0x13f Src/GPIO.o
 .debug_macro   0x00000000000036d6      0x157 Src/buttons.o
 .debug_macro   0x000000000000382d       0x1c Src/buttons.o
 .debug_macro   0x0000000000003849      0x184 Src/lcd.o
 .debug_macro   0x00000000000039cd      0x174 Src/lcd.o
 .debug_macro   0x0000000000003b41       0x10 Src/lcd.o
 .debug_macro   0x0000000000003b51       0xa0 Src/lcd.o
 .debug_macro   0x0000000000003bf1      0x228 Src/main.o
 .debug_macro   0x0000000000003e19       0xdf Src/main.o
 .debug_macro   0x0000000000003ef8       0x64 Src/main.o
 .debug_macro   0x0000000000003f5c       0xa6 Src/main.o
 .debug_macro   0x0000000000004002      0x14e Src/traffic_light.o

.debug_line     0x0000000000000000     0x3a41
 .debug_line    0x0000000000000000      0x4f9 Nabil_RTOS/RTOS_SRC/Cortex_MX_OS_Porting.o
 .debug_line    0x00000000000004f9      0x640 Nabil_RTOS/RTOS_SRC/Nabil_RTOS_FIFO.o
 .debug_line    0x0000000000000b39      0x944 Nabil_RTOS/RTOS_SRC/scheduler.o
 .debug_line    0x000000000000147d      0x67b Src/EXTI.o
 .debug_line    0x0000000000001af8      0x66c Src/GPIO.o
 .debug_line    0x0000000000002164      0x517 Src/buttons.o
 .debug_line    0x000000000000267b      0x642 Src/lcd.o
 .debug_line    0x0000000000002cbd      0x7c2 Src/main.o
 .debug_line    0x000000000000347f      0x53e Src/traffic_light.o
 .debug_line    0x00000000000039bd       0x84 Startup/startup_stm32f103c6tx.o

.debug_str      0x0000000000000000     0xeabd
 .debug_str     0x0000000000000000     0x9883 Nabil_RTOS/RTOS_SRC/Cortex_MX_OS_Porting.o
                                       0x9a24 (size before relaxing)
 .debug_str     0x0000000000009883     0x41b3 Nabil_RTOS/RTOS_SRC/Nabil_RTOS_FIFO.o
                                       0xda1d (size before relaxing)
 .debug_str     0x000000000000da36      0x631 Nabil_RTOS/RTOS_SRC/scheduler.o
                                       0xe05f (size before relaxing)
 .debug_str     0x000000000000e067      0x355 Src/EXTI.o
                                       0x7da5 (size before relaxing)
 .debug_str     0x000000000000e3bc      0x167 Src/GPIO.o
                                       0x7c0b (size before relaxing)
 .debug_str     0x000000000000e523       0xbc Src/buttons.o
                                       0x7cd6 (size before relaxing)
 .debug_str     0x000000000000e5df      0x338 Src/lcd.o
                                       0x7e51 (size before relaxing)
 .debug_str     0x000000000000e917      0x116 Src/main.o
                                       0xe112 (size before relaxing)
 .debug_str     0x000000000000ea2d       0x5f Src/traffic_light.o
                                       0x7dd3 (size before relaxing)
 .debug_str     0x000000000000ea8c       0x31 Startup/startup_stm32f103c6tx.o
                                         0x45 (size before relaxing)

.comment        0x0000000000000000       0x7b
 .comment       0x0000000000000000       0x7b Nabil_RTOS/RTOS_SRC/Cortex_MX_OS_Porting.o
                                         0x7c (size before relaxing)
 .comment       0x000000000000007b       0x7c Nabil_RTOS/RTOS_SRC/Nabil_RTOS_FIFO.o
 .comment       0x000000000000007b       0x7c Nabil_RTOS/RTOS_SRC/scheduler.o
 .comment       0x000000000000007b       0x7c Src/EXTI.o
 .comment       0x000000000000007b       0x7c Src/GPIO.o
 .comment       0x000000000000007b       0x7c Src/buttons.o
 .comment       0x000000000000007b       0x7c Src/lcd.o
 .comment       0x000000000000007b       0x7c Src/main.o
 .comment       0x000000000000007b       0x7c Src/traffic_light.o

.debug_frame    0x0000000000000000      0xbdc
 .debug_frame   0x0000000000000000      0x104 Nabil_RTOS/RTOS_SRC/Cortex_MX_OS_Porting.o
 .debug_frame   0x0000000000000104       0xb0 Nabil_RTOS/RTOS_SRC/Nabil_RTOS_FIFO.o
 .debug_frame   0x00000000000001b4      0x370 Nabil_RTOS/RTOS_SRC/scheduler.o
 .debug_frame   0x0000000000000524      0x1b4 Src/EXTI.o
 .debug_frame   0x00000000000006d8      0x1ec Src/GPIO.o
 .debug_frame   0x00000000000008c4       0x34 Src/buttons.o
 .debug_frame   0x00000000000008f8      0x138 Src/lcd.o
 .debug_frame   0x0000000000000a30      0x124 Src/main.o
 .debug_frame   0x0000000000000b54       0x5c Src/traffic_light.o
 .debug_frame   0x0000000000000bb0       0x2c d:/stm32cubeide_1.4.0/stm32cubeide/plugins/com.st.stm32cube.ide.mcu.externaltools.gnu-tools-for-stm32.7-2018-q2-update.win32_1.4.0.202007081208/tools/bin/../lib/gcc/arm-none-eabi/7.3.1/../../../../arm-none-eabi/lib/thumb/v7-m\libc_nano.a(lib_a-init.o)
